// Jest Snapshot v1, https://goo.gl/fbAQLP

exports[`Pruebas en <PokemonPage /> Debe de hacer match con el snapshot 1`] = `<h1>Espere por favor...</h1>`;

exports[`Pruebas en <PokemonPage /> Debe de hacer match con el snapshot cuando se cargan los pokémon 1`] = `
<div>
  <h1>¿Quién es ese Pokémon?</h1>
  <pokemon-picture-stub pokemonoptionid="1" showpokemonoption="false"></pokemon-picture-stub>
  <pokemon-options-stub pokemonoptions="[object Object],[object Object],[object Object],[object Object]"></pokemon-options-stub>
  <!--v-if-->
</div>
`;
